// Jest Snapshot v1, https://goo.gl/fbAQLP

exports[`component RefreshButton RefreshButton should match snapshot 1`] = `
<button
  className="sc-AxjAm hQkRzR"
>
  testStart
  <img
    alt="heart"
    className="heart"
    src={Object {}}
    style={
      Object {
        "animationDelay": "0s",
      }
    }
  />
  <img
    alt="heart"
    className="heart"
    src={Object {}}
    style={
      Object {
        "animationDelay": "0.3s",
      }
    }
  />
  <img
    alt="heart"
    className="heart"
    src={Object {}}
    style={
      Object {
        "animationDelay": "0.6s",
      }
    }
  />
  <img
    alt="heart"
    className="heart"
    src={Object {}}
    style={
      Object {
        "animationDelay": "0.8999999999999999s",
      }
    }
  />
  <img
    alt="heart"
    className="heart"
    src={Object {}}
    style={
      Object {
        "animationDelay": "1.2s",
      }
    }
  />
  <img
    alt="heart"
    className="heart"
    src={Object {}}
    style={
      Object {
        "animationDelay": "1.5s",
      }
    }
  />
</button>
`;
